// Jest Snapshot v1, https://goo.gl/fbAQLP

exports[`expect to render Signin component 1`] = `ShallowWrapper {}`;
